// Jest Snapshot v1, https://goo.gl/fbAQLP

exports[`<ProfilePage /> shallow rendering tests matches the snapshot 1`] = `
<ContextProvider
  value={null}
>
  <_class
    address=""
    dispatch={[Function]}
    dob=""
    fullName="Provide your names"
    gender=""
    loading={false}
    profileImg=""
    role=""
    store={
      Object {
        "clearActions": [Function],
        "dispatch": [Function],
        "getActions": [Function],
        "getState": [Function],
        "replaceReducer": [Function],
        "subscribe": [Function],
      }
    }
    trips={null}
    userName=""
  />
</ContextProvider>
`;
