// Jest Snapshot v1, https://goo.gl/fbAQLP

exports[`<Error403 /> shallow rendering tests matches the snapshot 1`] = `
<div
  className="error"
>
  <div
    className="content"
  >
    <h1>
      403
    </h1>
    <div
      className="desc"
    >
      403 Error Page
    </div>
    <div
      className="actions"
    >
      <Link
        to="/"
      >
        <button
          type="button"
        >
          Back to Home
        </button>
      </Link>
    </div>
  </div>
</div>
`;
